---
http_interactions:
- request:
    method: post
    uri: https://secure.ogone.com/ncol/test/orderdirect.asp
    body:
      encoding: UTF-8
      string: ALIAS=LCHN4RS8&CARDNO=4111111111111111&CN=John+Doe+Huber&CVC=111&ECI=7&ED=0914&EMAIL=email42%40user.com&FLAG3D=Y&HTTP_ACCEPT=%2A%2F%2A&Operation=RES&OwnerZip=1004&Owneraddress=Avenue+de+France+71&PARAMPLUS=CHECK_CC_USER_ID%3D1116&PSPID=jilion&PSWD=WWQMNC89&SHASign=D69D3E174E0A1A01BF8FFF99A18C42D39631A6CE531DC0A2F18D1245A33D9DD815BE0BB6A5F934B939655A30F00CE730DF6DDFDC7FCA456EA2D878AA516B8471&USERID=sublime&WIN3DS=MAINW&amount=1&currency=USD&orderID=e79a20b32fb68069a8c0d0981a7ca6&ownercty=CH&ownertown=Lausanne
    headers:
      Content-Type:
      - application/x-www-form-urlencoded
      Accept-Encoding:
      - gzip;q=1.0,deflate;q=0.6,identity;q=0.3
      Accept:
      - '*/*'
      User-Agent:
      - Ruby
  response:
    status:
      code: 200
      message: OK
    headers:
      Date:
      - Thu, 26 Sep 2013 14:25:37 GMT
      Server:
      - Microsoft-IIS/6.0
      X-Powered-By:
      - ASP.NET
      Connection:
      - close
      Content-Length:
      - '339'
      Content-Type:
      - text/XML; Charset=iso-8859-1
      Expires:
      - Thu, 26 Sep 2013 14:24:35 GMT
      Cache-Control:
      - private, max-age=0
      Set-Cookie:
      - avr_581370806_0_0_4294901760_4218234546_0=1869345151_1718448;max-age=600;path=/
    body:
      encoding: UTF-8
      string: "<?xml version=\"1.0\"?><ncresponse\r\norderID=\"e79a20b32fb68069a8c0d0981a7ca6\"\r\nPAYID=\"23938566\"\r\nNCSTATUS=\"0\"\r\nNCERROR=\"0\"\r\nACCEPTANCE=\"test123\"\r\nSTATUS=\"5\"\r\nIPCTY=\"99\"\r\nCCCTY=\"US\"\r\nECI=\"12\"\r\nCVCCheck=\"NO\"\r\nAAVCheck=\"NO\"\r\nVC=\"NO\"\r\namount=\"0.01\"\r\ncurrency=\"USD\"\r\nPM=\"CreditCard\"\r\nBRAND=\"VISA\"\r\nALIAS=\"LCHN4RS8\"\r\nNCERRORPLUS=\"!\">\r\n</ncresponse>"
    http_version: 
  recorded_at: Thu, 26 Sep 2013 14:25:37 GMT
- request:
    method: post
    uri: https://secure.ogone.com/ncol/test/maintenancedirect.asp
    body:
      encoding: UTF-8
      string: Operation=DES&PAYID=23938566&PSPID=jilion&PSWD=WWQMNC89&SHASign=DBF09F42D97DEF3A06672C13291486FD4CF628D915E07301D4B533714C47D3F7122871ABC0C32E31E9B5C2B952C55EE44DC1199E2F22498A720F8D6A7A713C38&USERID=sublime
    headers:
      Content-Type:
      - application/x-www-form-urlencoded
      Accept-Encoding:
      - gzip;q=1.0,deflate;q=0.6,identity;q=0.3
      Accept:
      - '*/*'
      User-Agent:
      - Ruby
  response:
    status:
      code: 200
      message: OK
    headers:
      Date:
      - Thu, 26 Sep 2013 14:25:37 GMT
      Server:
      - Microsoft-IIS/6.0
      X-Powered-By:
      - ASP.NET
      Connection:
      - close
      Content-Length:
      - '229'
      Content-Type:
      - text/XML; Charset=iso-8859-1
      Expires:
      - Thu, 26 Sep 2013 14:24:37 GMT
      Cache-Control:
      - private, max-age=0
      Set-Cookie:
      - avr_581370806_0_0_4294901760_4218234546_0=1869345183_1718448;max-age=600;path=/
    body:
      encoding: UTF-8
      string: "<?xml version=\"1.0\"?>\r\n<ncresponse\r\norderID=\"e79a20b32fb68069a8c0d0981a7ca6\"\r\nPAYID=\"23938566\"\r\nPAYIDSUB=\"1\"\r\nNCSTATUS=\"0\"\r\nNCERROR=\"0\"\r\nNCERRORPLUS=\"!\"\r\nACCEPTANCE=\"\"\r\nSTATUS=\"61\"\r\namount=\"0.01\"\r\ncurrency=\"USD\">\r\n</ncresponse>\r\n"
    http_version: 
  recorded_at: Thu, 26 Sep 2013 14:25:37 GMT
- request:
    method: post
    uri: https://secure.ogone.com/ncol/test/maintenancedirect.asp
    body:
      encoding: UTF-8
      string: Operation=DES&PAYID=23938566&PSPID=jilion&PSWD=WWQMNC89&SHASign=DBF09F42D97DEF3A06672C13291486FD4CF628D915E07301D4B533714C47D3F7122871ABC0C32E31E9B5C2B952C55EE44DC1199E2F22498A720F8D6A7A713C38&USERID=sublime
    headers:
      Content-Type:
      - application/x-www-form-urlencoded
      Accept-Encoding:
      - gzip;q=1.0,deflate;q=0.6,identity;q=0.3
      Accept:
      - '*/*'
      User-Agent:
      - Ruby
  response:
    status:
      code: 200
      message: OK
    headers:
      Date:
      - Thu, 26 Sep 2013 14:25:38 GMT
      Server:
      - Microsoft-IIS/6.0
      X-Powered-By:
      - ASP.NET
      Connection:
      - close
      Content-Length:
      - '257'
      Content-Type:
      - text/XML; Charset=iso-8859-1
      Expires:
      - Thu, 26 Sep 2013 14:24:38 GMT
      Cache-Control:
      - private, max-age=0
      Set-Cookie:
      - avr_581370806_0_0_4294901760_4218234546_0=1869345209_1718449;max-age=600;path=/
    body:
      encoding: UTF-8
      string: "<?xml version=\"1.0\"?>\r\n<ncresponse\r\norderID=\"e79a20b32fb68069a8c0d0981a7ca6\"\r\nPAYID=\"23938566\"\r\nPAYIDSUB=\"2\"\r\nNCSTATUS=\"5\"\r\nNCERROR=\"50001127\"\r\nNCERRORPLUS=\"|this
        order is not authorized|\"\r\nACCEPTANCE=\"\"\r\nSTATUS=\"0\"\r\namount=\"\"\r\ncurrency=\"\">\r\n</ncresponse>\r\n"
    http_version: 
  recorded_at: Thu, 26 Sep 2013 14:25:38 GMT
- request:
    method: post
    uri: https://secure.ogone.com/ncol/test/orderdirect.asp
    body:
      encoding: UTF-8
      string: ALIAS=V92FY8IW&CARDNO=4111111111111111&CN=John+Doe+Huber&CVC=111&ECI=7&ED=0914&EMAIL=email43%40user.com&FLAG3D=Y&HTTP_ACCEPT=%2A%2F%2A&Operation=RES&OwnerZip=1004&Owneraddress=Avenue+de+France+71&PARAMPLUS=CHECK_CC_USER_ID%3D1117&PSPID=jilion&PSWD=WWQMNC89&SHASign=94AAFA89A3F3FA5D78A8C0802221D360079D2A8922E12C672D1C1C7D2D370160E0CB57FA2CC2C7AD0A89B9788A4B9417DE7C0AD9312E781B0A2715D335283846&USERID=sublime&WIN3DS=MAINW&amount=1&currency=USD&orderID=db395bb66105e33edcccef38052701&ownercty=CH&ownertown=Lausanne
    headers:
      Content-Type:
      - application/x-www-form-urlencoded
      Accept-Encoding:
      - gzip;q=1.0,deflate;q=0.6,identity;q=0.3
      Accept:
      - '*/*'
      User-Agent:
      - Ruby
  response:
    status:
      code: 200
      message: OK
    headers:
      Date:
      - Thu, 26 Sep 2013 14:25:40 GMT
      Server:
      - Microsoft-IIS/6.0
      X-Powered-By:
      - ASP.NET
      Connection:
      - close
      Content-Length:
      - '339'
      Content-Type:
      - text/XML; Charset=iso-8859-1
      Expires:
      - Thu, 26 Sep 2013 14:24:38 GMT
      Cache-Control:
      - private, max-age=0
      Set-Cookie:
      - avr_581370806_0_0_4294901760_4218234546_0=1868292022_1718450;max-age=600;path=/
    body:
      encoding: UTF-8
      string: "<?xml version=\"1.0\"?><ncresponse\r\norderID=\"db395bb66105e33edcccef38052701\"\r\nPAYID=\"23938569\"\r\nNCSTATUS=\"0\"\r\nNCERROR=\"0\"\r\nACCEPTANCE=\"test123\"\r\nSTATUS=\"5\"\r\nIPCTY=\"99\"\r\nCCCTY=\"US\"\r\nECI=\"12\"\r\nCVCCheck=\"NO\"\r\nAAVCheck=\"NO\"\r\nVC=\"NO\"\r\namount=\"0.01\"\r\ncurrency=\"USD\"\r\nPM=\"CreditCard\"\r\nBRAND=\"VISA\"\r\nALIAS=\"V92FY8IW\"\r\nNCERRORPLUS=\"!\">\r\n</ncresponse>"
    http_version: 
  recorded_at: Thu, 26 Sep 2013 14:25:40 GMT
- request:
    method: post
    uri: https://secure.ogone.com/ncol/test/maintenancedirect.asp
    body:
      encoding: UTF-8
      string: Operation=DES&PAYID=23938569&PSPID=jilion&PSWD=WWQMNC89&SHASign=7BDB2A9E0E77EE377731A4A6781CFE609043703C8A94963E6D168976B28DC9F769ABD1287C583296A5BAB9FFED6E87623FC2C96DA5D87AE5A1BD0644C1E52C7D&USERID=sublime
    headers:
      Content-Type:
      - application/x-www-form-urlencoded
      Accept-Encoding:
      - gzip;q=1.0,deflate;q=0.6,identity;q=0.3
      Accept:
      - '*/*'
      User-Agent:
      - Ruby
  response:
    status:
      code: 200
      message: OK
    headers:
      Date:
      - Thu, 26 Sep 2013 14:25:40 GMT
      Server:
      - Microsoft-IIS/6.0
      X-Powered-By:
      - ASP.NET
      Connection:
      - close
      Content-Length:
      - '229'
      Content-Type:
      - text/XML; Charset=iso-8859-1
      Expires:
      - Thu, 26 Sep 2013 14:24:40 GMT
      Cache-Control:
      - private, max-age=0
      Set-Cookie:
      - avr_581370806_0_0_4294901760_4218234546_0=1868292040_1718451;max-age=600;path=/
    body:
      encoding: UTF-8
      string: "<?xml version=\"1.0\"?>\r\n<ncresponse\r\norderID=\"db395bb66105e33edcccef38052701\"\r\nPAYID=\"23938569\"\r\nPAYIDSUB=\"1\"\r\nNCSTATUS=\"0\"\r\nNCERROR=\"0\"\r\nNCERRORPLUS=\"!\"\r\nACCEPTANCE=\"\"\r\nSTATUS=\"61\"\r\namount=\"0.01\"\r\ncurrency=\"USD\">\r\n</ncresponse>\r\n"
    http_version: 
  recorded_at: Thu, 26 Sep 2013 14:25:40 GMT
- request:
    method: post
    uri: https://secure.ogone.com/ncol/test/maintenancedirect.asp
    body:
      encoding: UTF-8
      string: Operation=DES&PAYID=23938569&PSPID=jilion&PSWD=WWQMNC89&SHASign=7BDB2A9E0E77EE377731A4A6781CFE609043703C8A94963E6D168976B28DC9F769ABD1287C583296A5BAB9FFED6E87623FC2C96DA5D87AE5A1BD0644C1E52C7D&USERID=sublime
    headers:
      Content-Type:
      - application/x-www-form-urlencoded
      Accept-Encoding:
      - gzip;q=1.0,deflate;q=0.6,identity;q=0.3
      Accept:
      - '*/*'
      User-Agent:
      - Ruby
  response:
    status:
      code: 200
      message: OK
    headers:
      Date:
      - Thu, 26 Sep 2013 14:25:40 GMT
      Server:
      - Microsoft-IIS/6.0
      X-Powered-By:
      - ASP.NET
      Connection:
      - close
      Content-Length:
      - '257'
      Content-Type:
      - text/XML; Charset=iso-8859-1
      Expires:
      - Thu, 26 Sep 2013 14:24:40 GMT
      Cache-Control:
      - private, max-age=0
      Set-Cookie:
      - avr_581370806_0_0_4294901760_4218234546_0=1869345343_1718451;max-age=600;path=/
    body:
      encoding: UTF-8
      string: "<?xml version=\"1.0\"?>\r\n<ncresponse\r\norderID=\"db395bb66105e33edcccef38052701\"\r\nPAYID=\"23938569\"\r\nPAYIDSUB=\"2\"\r\nNCSTATUS=\"5\"\r\nNCERROR=\"50001127\"\r\nNCERRORPLUS=\"|this
        order is not authorized|\"\r\nACCEPTANCE=\"\"\r\nSTATUS=\"0\"\r\namount=\"\"\r\ncurrency=\"\">\r\n</ncresponse>\r\n"
    http_version: 
  recorded_at: Thu, 26 Sep 2013 14:25:40 GMT
recorded_with: VCR 2.6.0
