---
http_interactions:
- request:
    method: post
    uri: https://secure.ogone.com/ncol/test/orderdirect.asp
    body:
      encoding: UTF-8
      string: ALIAS=S6HXHJ0O&CARDNO=4111111111111111&CN=John+Doe+Huber&CVC=111&ECI=7&ED=0914&EMAIL=email10%40user.com&FLAG3D=Y&HTTP_ACCEPT=%2A%2F%2A&Operation=RES&OwnerZip=1004&Owneraddress=Avenue+de+France+71&PARAMPLUS=CHECK_CC_USER_ID%3D1132&PSPID=jilion&PSWD=WWQMNC89&SHASign=701B8BEF68F3C47B8463706F5758624D418544F69CD853698ABAFDC1AACE44EE11096DB4AD07AA91DC94B7F0EDC2742E5F838ECB69D5FEA89C1D982BF87E9693&USERID=sublime&WIN3DS=MAINW&amount=1&currency=USD&orderID=055c81f1066116895839805f80e23f&ownercty=CH&ownertown=Lausanne
    headers:
      Content-Type:
      - application/x-www-form-urlencoded
      Accept-Encoding:
      - gzip;q=1.0,deflate;q=0.6,identity;q=0.3
      Accept:
      - '*/*'
      User-Agent:
      - Ruby
  response:
    status:
      code: 200
      message: OK
    headers:
      Date:
      - Thu, 26 Sep 2013 14:27:23 GMT
      Server:
      - Microsoft-IIS/6.0
      X-Powered-By:
      - ASP.NET
      Connection:
      - close
      Content-Length:
      - '339'
      Content-Type:
      - text/XML; Charset=iso-8859-1
      Expires:
      - Thu, 26 Sep 2013 14:26:22 GMT
      Cache-Control:
      - private, max-age=0
      Set-Cookie:
      - avr_581370806_0_0_4294901760_4218234546_0=1868297024_1718554;max-age=600;path=/
    body:
      encoding: UTF-8
      string: "<?xml version=\"1.0\"?><ncresponse\r\norderID=\"055c81f1066116895839805f80e23f\"\r\nPAYID=\"23938624\"\r\nNCSTATUS=\"0\"\r\nNCERROR=\"0\"\r\nACCEPTANCE=\"test123\"\r\nSTATUS=\"5\"\r\nIPCTY=\"99\"\r\nCCCTY=\"US\"\r\nECI=\"12\"\r\nCVCCheck=\"NO\"\r\nAAVCheck=\"NO\"\r\nVC=\"NO\"\r\namount=\"0.01\"\r\ncurrency=\"USD\"\r\nPM=\"CreditCard\"\r\nBRAND=\"VISA\"\r\nALIAS=\"S6HXHJ0O\"\r\nNCERRORPLUS=\"!\">\r\n</ncresponse>"
    http_version: 
  recorded_at: Thu, 26 Sep 2013 14:27:24 GMT
- request:
    method: post
    uri: https://secure.ogone.com/ncol/test/maintenancedirect.asp
    body:
      encoding: UTF-8
      string: Operation=DES&PAYID=23938624&PSPID=jilion&PSWD=WWQMNC89&SHASign=4AC7E184C8C1C366070C5B012F1068409DBC399265756EC78BD95B2D64452CDF8EB0EB18BD5732834CEAA369B99E68BEE20F810035EDB4D51CA752072F071F2C&USERID=sublime
    headers:
      Content-Type:
      - application/x-www-form-urlencoded
      Accept-Encoding:
      - gzip;q=1.0,deflate;q=0.6,identity;q=0.3
      Accept:
      - '*/*'
      User-Agent:
      - Ruby
  response:
    status:
      code: 200
      message: OK
    headers:
      Date:
      - Thu, 26 Sep 2013 14:27:25 GMT
      Server:
      - Microsoft-IIS/6.0
      X-Powered-By:
      - ASP.NET
      Connection:
      - close
      Content-Length:
      - '229'
      Content-Type:
      - text/XML; Charset=iso-8859-1
      Expires:
      - Thu, 26 Sep 2013 14:26:25 GMT
      Cache-Control:
      - private, max-age=0
      Set-Cookie:
      - avr_581370806_0_0_4294901760_4218234546_0=1869350495_1718556;max-age=600;path=/
    body:
      encoding: UTF-8
      string: "<?xml version=\"1.0\"?>\r\n<ncresponse\r\norderID=\"055c81f1066116895839805f80e23f\"\r\nPAYID=\"23938624\"\r\nPAYIDSUB=\"1\"\r\nNCSTATUS=\"0\"\r\nNCERROR=\"0\"\r\nNCERRORPLUS=\"!\"\r\nACCEPTANCE=\"\"\r\nSTATUS=\"61\"\r\namount=\"0.01\"\r\ncurrency=\"USD\">\r\n</ncresponse>\r\n"
    http_version: 
  recorded_at: Thu, 26 Sep 2013 14:27:25 GMT
- request:
    method: post
    uri: https://secure.ogone.com/ncol/test/maintenancedirect.asp
    body:
      encoding: UTF-8
      string: Operation=DES&PAYID=23938624&PSPID=jilion&PSWD=WWQMNC89&SHASign=4AC7E184C8C1C366070C5B012F1068409DBC399265756EC78BD95B2D64452CDF8EB0EB18BD5732834CEAA369B99E68BEE20F810035EDB4D51CA752072F071F2C&USERID=sublime
    headers:
      Content-Type:
      - application/x-www-form-urlencoded
      Accept-Encoding:
      - gzip;q=1.0,deflate;q=0.6,identity;q=0.3
      Accept:
      - '*/*'
      User-Agent:
      - Ruby
  response:
    status:
      code: 200
      message: OK
    headers:
      Date:
      - Thu, 26 Sep 2013 14:27:25 GMT
      Server:
      - Microsoft-IIS/6.0
      X-Powered-By:
      - ASP.NET
      Connection:
      - close
      Content-Length:
      - '257'
      Content-Type:
      - text/XML; Charset=iso-8859-1
      Expires:
      - Thu, 26 Sep 2013 14:26:25 GMT
      Cache-Control:
      - private, max-age=0
      Set-Cookie:
      - avr_581370806_0_0_4294901760_4218234546_0=1868297120_1718556;max-age=600;path=/
    body:
      encoding: UTF-8
      string: "<?xml version=\"1.0\"?>\r\n<ncresponse\r\norderID=\"055c81f1066116895839805f80e23f\"\r\nPAYID=\"23938624\"\r\nPAYIDSUB=\"2\"\r\nNCSTATUS=\"5\"\r\nNCERROR=\"50001127\"\r\nNCERRORPLUS=\"|this
        order is not authorized|\"\r\nACCEPTANCE=\"\"\r\nSTATUS=\"0\"\r\namount=\"\"\r\ncurrency=\"\">\r\n</ncresponse>\r\n"
    http_version: 
  recorded_at: Thu, 26 Sep 2013 14:27:25 GMT
recorded_with: VCR 2.6.0
