---
http_interactions:
- request:
    method: post
    uri: https://secure.ogone.com/ncol/test/orderdirect.asp
    body:
      encoding: UTF-8
      string: ALIAS=TRYWDLN1&CARDNO=4111111111111111&CN=John+Doe+Huber&CVC=111&ECI=7&ED=0914&EMAIL=email7%40user.com&FLAG3D=Y&HTTP_ACCEPT=%2A%2F%2A&Operation=RES&OwnerZip=1004&Owneraddress=Avenue+de+France+71&PARAMPLUS=CHECK_CC_USER_ID%3D779&PSPID=jilion&PSWD=WWQMNC89&SHASign=3BBE1373D99E5517B1B5B8A3E67A3E10B5190E741F92C94C9E701A7FA4F067871B0940F82713F91A619BFC31ED7C82BF07A34F1A08421F6EABB1A6EE948A4276&USERID=sublime&WIN3DS=MAINW&amount=1&currency=USD&orderID=57496be324138720b93347a83de9da&ownercty=CH&ownertown=Lausanne
    headers:
      Content-Type:
      - application/x-www-form-urlencoded
      Accept-Encoding:
      - gzip;q=1.0,deflate;q=0.6,identity;q=0.3
      Accept:
      - '*/*'
      User-Agent:
      - Ruby
  response:
    status:
      code: 200
      message: OK
    headers:
      Date:
      - Thu, 26 Sep 2013 13:16:48 GMT
      Server:
      - Microsoft-IIS/6.0
      X-Powered-By:
      - ASP.NET
      Connection:
      - close
      Content-Length:
      - '339'
      Content-Type:
      - text/XML; Charset=iso-8859-1
      Expires:
      - Thu, 26 Sep 2013 13:15:47 GMT
      Cache-Control:
      - private, max-age=0
      Set-Cookie:
      - avr_581370806_0_0_4294901760_4218234546_0=1868103248_1714319;max-age=600;path=/
    body:
      encoding: UTF-8
      string: "<?xml version=\"1.0\"?><ncresponse\r\norderID=\"57496be324138720b93347a83de9da\"\r\nPAYID=\"23936160\"\r\nNCSTATUS=\"0\"\r\nNCERROR=\"0\"\r\nACCEPTANCE=\"test123\"\r\nSTATUS=\"5\"\r\nIPCTY=\"99\"\r\nCCCTY=\"US\"\r\nECI=\"12\"\r\nCVCCheck=\"NO\"\r\nAAVCheck=\"NO\"\r\nVC=\"NO\"\r\namount=\"0.01\"\r\ncurrency=\"USD\"\r\nPM=\"CreditCard\"\r\nBRAND=\"VISA\"\r\nALIAS=\"TRYWDLN1\"\r\nNCERRORPLUS=\"!\">\r\n</ncresponse>"
    http_version: 
  recorded_at: Thu, 26 Sep 2013 13:16:48 GMT
- request:
    method: post
    uri: https://secure.ogone.com/ncol/test/maintenancedirect.asp
    body:
      encoding: UTF-8
      string: Operation=DES&PAYID=23936160&PSPID=jilion&PSWD=WWQMNC89&SHASign=992292E0D78F95424378265DC5CE738B77853431408C7501D26E56DCACC3E63D3A7D382A45EB563F53B2D3BCADE3AA39939A7BEE10F79866BBE9FE87BFA72D45&USERID=sublime
    headers:
      Content-Type:
      - application/x-www-form-urlencoded
      Accept-Encoding:
      - gzip;q=1.0,deflate;q=0.6,identity;q=0.3
      Accept:
      - '*/*'
      User-Agent:
      - Ruby
  response:
    status:
      code: 200
      message: OK
    headers:
      Date:
      - Thu, 26 Sep 2013 13:16:49 GMT
      Server:
      - Microsoft-IIS/6.0
      X-Powered-By:
      - ASP.NET
      Connection:
      - close
      Content-Length:
      - '229'
      Content-Type:
      - text/XML; Charset=iso-8859-1
      Expires:
      - Thu, 26 Sep 2013 13:15:49 GMT
      Cache-Control:
      - private, max-age=0
      Set-Cookie:
      - avr_581370806_0_0_4294901760_4218234546_0=1868103282_1714320;max-age=600;path=/
    body:
      encoding: UTF-8
      string: "<?xml version=\"1.0\"?>\r\n<ncresponse\r\norderID=\"57496be324138720b93347a83de9da\"\r\nPAYID=\"23936160\"\r\nPAYIDSUB=\"1\"\r\nNCSTATUS=\"0\"\r\nNCERROR=\"0\"\r\nNCERRORPLUS=\"!\"\r\nACCEPTANCE=\"\"\r\nSTATUS=\"61\"\r\namount=\"0.01\"\r\ncurrency=\"USD\">\r\n</ncresponse>\r\n"
    http_version: 
  recorded_at: Thu, 26 Sep 2013 13:16:49 GMT
- request:
    method: post
    uri: https://secure.ogone.com/ncol/test/maintenancedirect.asp
    body:
      encoding: UTF-8
      string: Operation=DES&PAYID=23936160&PSPID=jilion&PSWD=WWQMNC89&SHASign=992292E0D78F95424378265DC5CE738B77853431408C7501D26E56DCACC3E63D3A7D382A45EB563F53B2D3BCADE3AA39939A7BEE10F79866BBE9FE87BFA72D45&USERID=sublime
    headers:
      Content-Type:
      - application/x-www-form-urlencoded
      Accept-Encoding:
      - gzip;q=1.0,deflate;q=0.6,identity;q=0.3
      Accept:
      - '*/*'
      User-Agent:
      - Ruby
  response:
    status:
      code: 200
      message: OK
    headers:
      Date:
      - Thu, 26 Sep 2013 13:16:49 GMT
      Server:
      - Microsoft-IIS/6.0
      X-Powered-By:
      - ASP.NET
      Connection:
      - close
      Content-Length:
      - '257'
      Content-Type:
      - text/XML; Charset=iso-8859-1
      Expires:
      - Thu, 26 Sep 2013 13:15:49 GMT
      Cache-Control:
      - private, max-age=0
      Set-Cookie:
      - avr_581370806_0_0_4294901760_4218234546_0=1868103294_1714320;max-age=600;path=/
    body:
      encoding: UTF-8
      string: "<?xml version=\"1.0\"?>\r\n<ncresponse\r\norderID=\"57496be324138720b93347a83de9da\"\r\nPAYID=\"23936160\"\r\nPAYIDSUB=\"2\"\r\nNCSTATUS=\"5\"\r\nNCERROR=\"50001127\"\r\nNCERRORPLUS=\"|this
        order is not authorized|\"\r\nACCEPTANCE=\"\"\r\nSTATUS=\"0\"\r\namount=\"\"\r\ncurrency=\"\">\r\n</ncresponse>\r\n"
    http_version: 
  recorded_at: Thu, 26 Sep 2013 13:16:49 GMT
recorded_with: VCR 2.6.0
